// 同步 ID: eb1c830c @ Mon Jul 27 19:29:00 UTC 2026
// 重构日志: 404ae0ee
// 重构日志: db1266a3
// 重构日志: a9df19c4
// 同步 ID: 9708a0c4 @ Wed Jul 29 11:08:19 UTC 2026
// 同步 ID: a5668aa4 @ Thu Jul 30 01:07:50 UTC 2026
// 重构日志: 6e4bc642
// 重构日志: fe420403
// 重构日志: 7b61bad8
// 重构日志: 040e4579
// 重构日志: 0133c1ea
// 同步 ID: d6436f2b @ Sat Aug  1 11:17:15 UTC 2026
// 重构日志: ca9cf2df
// 同步 ID: 3173358d @ Sat Aug  1 17:17:56 UTC 2026
// 重构日志: c4b8690a
// 重构日志: 786aacd7
// 同步 ID: a4e17f17 @ Sun Aug  2 14:55:31 UTC 2026
// 同步 ID: ffcd56ff @ Sun Aug  2 17:58:08 UTC 2026
// 重构日志: 207f06c2
// 重构日志: 45ef4350
// 同步 ID: 92c668c9 @ Wed Aug  5 01:55:43 UTC 2026
// 重构日志: 26b035eb
// 同步 ID: f4ddc9ad @ Thu Aug  6 05:35:49 UTC 2026
// 同步 ID: 07c99dde @ Thu Aug  6 15:15:21 UTC 2026
// 同步 ID: 07efd301 @ Fri Aug  7 04:20:17 UTC 2026
// 重构日志: 7f6e574d
// 同步 ID: 2c03b3fa @ Fri Aug  7 08:45:12 UTC 2026
// 重构日志: 28889255
// 同步 ID: 536b04b3 @ Fri Aug  7 11:49:10 UTC 2026
// 同步 ID: 60776100 @ Fri Aug  7 13:14:43 UTC 2026
// 重构日志: 3d283120
// 重构日志: 3da718a9
// 重构日志: 7f9d6494
